// Jest Snapshot v1, https://goo.gl/fbAQLP

exports[`App Component renders correctly 1`] = `
<div>
  <Board
    size={8}
  />
</div>
`;
